[NO_PID]: ECPGdebug: set to 1
[NO_PID]: sqlca: code: 0, state: 00000
[NO_PID]: ECPGconnect: opening database regress1 on <DEFAULT> port <DEFAULT> 
[NO_PID]: sqlca: code: 0, state: 00000
[NO_PID]: ECPGexecute line 23: QUERY: create  table test ( i int   primary key   , j int   )     on connection regress1
[NO_PID]: sqlca: code: 0, state: 00000
[NO_PID]: ECPGexecute line 23 Ok: CREATE TABLE
[NO_PID]: sqlca: code: 0, state: 00000
[NO_PID]: ECPGexecute line 27: QUERY: insert into test ( i  , j  ) values( 7 ,  0 ) on connection regress1
[NO_PID]: sqlca: code: 0, state: 00000
[NO_PID]: ECPGexecute line 27 Ok: INSERT 0 1
[NO_PID]: sqlca: code: 0, state: 00000
[NO_PID]: ECPGtrans line 28 action = commit connection = regress1
[NO_PID]: sqlca: code: 0, state: 00000
[NO_PID]: ECPGexecute line 31: QUERY: insert into test ( i  , j  ) values( 7 , 12 ) on connection regress1
[NO_PID]: sqlca: code: 0, state: 00000
[NO_PID]: ECPGexecute line 31: Error: ERROR:  duplicate key violates unique constraint "test_pkey"
[NO_PID]: sqlca: code: 0, state: 00000
[NO_PID]: raising sqlstate 23505 (sqlcode: -239) in line 31, ''duplicate key violates unique constraint "test_pkey"' in line 31.'.
[NO_PID]: sqlca: code: -239, state: 23505
[NO_PID]: ECPGtrans line 33 action = rollback connection = regress1
[NO_PID]: sqlca: code: 0, state: 00000
[NO_PID]: ECPGexecute line 35: QUERY: insert into test ( i  , j  ) values(  14 , 1 ) on connection regress1
[NO_PID]: sqlca: code: 0, state: 00000
[NO_PID]: ECPGexecute line 35 Ok: INSERT 0 1
[NO_PID]: sqlca: code: 0, state: 00000
[NO_PID]: ECPGtrans line 36 action = commit connection = regress1
[NO_PID]: sqlca: code: 0, state: 00000
[NO_PID]: ECPGexecute line 39: QUERY: select  i  from test where j = ( select  j  from test    )   on connection regress1
[NO_PID]: sqlca: code: 0, state: 00000
[NO_PID]: ECPGexecute line 39: Error: ERROR:  more than one row returned by a subquery used as an expression
[NO_PID]: sqlca: code: 0, state: 00000
[NO_PID]: raising sqlstate 21000 (sqlcode: -284) in line 39, ''more than one row returned by a subquery used as an expression' in line 39.'.
[NO_PID]: sqlca: code: -284, state: 21000
[NO_PID]: ECPGtrans line 40 action = rollback connection = regress1
[NO_PID]: sqlca: code: 0, state: 00000
[NO_PID]: ECPGexecute line 43: QUERY: select  i  from test where j = ( select  j  from test    order by i limit 1  )   on connection regress1
[NO_PID]: sqlca: code: 0, state: 00000
[NO_PID]: ECPGexecute line 43: Correctly got 1 tuples with 1 fields
[NO_PID]: sqlca: code: 0, state: 00000
[NO_PID]: ECPGexecute line 92: QUERY: declare c  cursor  for select  *  from test where i <=  14   on connection regress1
[NO_PID]: sqlca: code: 0, state: 00000
[NO_PID]: ECPGexecute line 92 Ok: DECLARE CURSOR
[NO_PID]: sqlca: code: 0, state: 00000
[NO_PID]: ECPGexecute line 54: QUERY: fetch forward from c on connection regress1
[NO_PID]: sqlca: code: 0, state: 00000
[NO_PID]: ECPGexecute line 54: Correctly got 1 tuples with 2 fields
[NO_PID]: sqlca: code: 0, state: 00000
[NO_PID]: ECPGget_data line 54: RESULT: 7 offset: -1 array: Yes
[NO_PID]: sqlca: code: 0, state: 00000
[NO_PID]: ECPGget_data line 54: RESULT: 0 offset: -1 array: Yes
[NO_PID]: sqlca: code: 0, state: 00000
[NO_PID]: ECPGexecute line 54: QUERY: fetch forward from c on connection regress1
[NO_PID]: sqlca: code: 0, state: 00000
[NO_PID]: ECPGexecute line 54: Correctly got 1 tuples with 2 fields
[NO_PID]: sqlca: code: 0, state: 00000
[NO_PID]: ECPGget_data line 54: RESULT: 14 offset: -1 array: Yes
[NO_PID]: sqlca: code: 0, state: 00000
[NO_PID]: ECPGget_data line 54: RESULT: 1 offset: -1 array: Yes
[NO_PID]: sqlca: code: 0, state: 00000
[NO_PID]: ECPGexecute line 54: QUERY: fetch forward from c on connection regress1
[NO_PID]: sqlca: code: 0, state: 00000
[NO_PID]: ECPGexecute line 54: Correctly got 0 tuples with 2 fields
[NO_PID]: sqlca: code: 0, state: 00000
[NO_PID]: raising sqlcode 100 in line 54, 'No data found in line 54.'.
[NO_PID]: sqlca: code: 100, state: 02000
[NO_PID]: ECPGexecute line 72: QUERY: delete from test  where i =  21.0 on connection regress1
[NO_PID]: sqlca: code: 0, state: 00000
[NO_PID]: ECPGexecute line 72 Ok: DELETE 0
[NO_PID]: sqlca: code: 0, state: 00000
[NO_PID]: raising sqlcode 100 in line 72, 'No data found in line 72.'.
[NO_PID]: sqlca: code: 100, state: 02000
[NO_PID]: ECPGexecute line 75: QUERY: select  1  from test where i = 14   on connection regress1
[NO_PID]: sqlca: code: 0, state: 00000
[NO_PID]: ECPGexecute line 75: Correctly got 1 tuples with 1 fields
[NO_PID]: sqlca: code: 0, state: 00000
[NO_PID]: ECPGexecute line 78: QUERY: select  1  from test where i = 147   on connection regress1
[NO_PID]: sqlca: code: 0, state: 00000
[NO_PID]: ECPGexecute line 78: Correctly got 0 tuples with 1 fields
[NO_PID]: sqlca: code: 0, state: 00000
[NO_PID]: raising sqlcode 100 in line 78, 'No data found in line 78.'.
[NO_PID]: sqlca: code: 100, state: 02000
[NO_PID]: ECPGtrans line 81 action = commit connection = regress1
[NO_PID]: sqlca: code: 0, state: 00000
[NO_PID]: ECPGexecute line 82: QUERY: drop table test  on connection regress1
[NO_PID]: sqlca: code: 0, state: 00000
[NO_PID]: ECPGexecute line 82 Ok: DROP TABLE
[NO_PID]: sqlca: code: 0, state: 00000
[NO_PID]: ECPGtrans line 83 action = commit connection = regress1
[NO_PID]: sqlca: code: 0, state: 00000
[NO_PID]: ecpg_finish: Connection regress1 closed.
[NO_PID]: sqlca: code: 0, state: 00000
