[NO_PID]: ECPGdebug: set to 1
[NO_PID]: sqlca: code: 0, state: 00000
[NO_PID]: ECPGconnect: opening database regress1 on <DEFAULT> port <DEFAULT> 
[NO_PID]: sqlca: code: 0, state: 00000
[NO_PID]: ECPGexecute line 66: QUERY: set DateStyle to 'DMY' on connection regress1
[NO_PID]: sqlca: code: 0, state: 00000
[NO_PID]: ECPGexecute line 66 Ok: SET
[NO_PID]: sqlca: code: 0, state: 00000
[NO_PID]: ECPGexecute line 68: QUERY: create  table history ( customerid integer   , timestamp timestamp without time zone   , action_taken char  ( 5 )    , narrative varchar ( 100 )    )     on connection regress1
[NO_PID]: sqlca: code: 0, state: 00000
[NO_PID]: ECPGexecute line 68 Ok: CREATE TABLE
[NO_PID]: sqlca: code: 0, state: 00000
[NO_PID]: ECPGexecute line 71: QUERY: insert into history ( customerid  , timestamp  , action_taken  , narrative  ) values( 1 , '2003-05-07 13:28:34 CEST' , 'test' , 'test' ) on connection regress1
[NO_PID]: sqlca: code: 0, state: 00000
[NO_PID]: ECPGexecute line 71 Ok: INSERT 0 1
[NO_PID]: sqlca: code: 0, state: 00000
[NO_PID]: ECPGexecute line 76: QUERY: select  max ( timestamp )  from history    on connection regress1
[NO_PID]: sqlca: code: 0, state: 00000
[NO_PID]: ECPGexecute line 76: Correctly got 1 tuples with 1 fields
[NO_PID]: sqlca: code: 0, state: 00000
[NO_PID]: ECPGget_data line 76: RESULT: Wed 07 May 13:28:34 2003 offset: -1 array: Yes
[NO_PID]: sqlca: code: 0, state: 00000
[NO_PID]: ECPGexecute line 81: QUERY: select  customerid , timestamp  from history where timestamp =  timestamp '2003-05-07 13:28:34'    limit 1  on connection regress1
[NO_PID]: sqlca: code: 0, state: 00000
[NO_PID]: ECPGexecute line 81: Correctly got 1 tuples with 2 fields
[NO_PID]: sqlca: code: 0, state: 00000
[NO_PID]: ECPGget_data line 81: RESULT: 1 offset: -1 array: Yes
[NO_PID]: sqlca: code: 0, state: 00000
[NO_PID]: ECPGget_data line 81: RESULT: Wed 07 May 13:28:34 2003 offset: -1 array: Yes
[NO_PID]: sqlca: code: 0, state: 00000
[NO_PID]: ECPGexecute line 95: QUERY: insert into history ( customerid  , timestamp  , action_taken  , narrative  ) values(  2 ,  timestamp '2003-05-08 15:53:39' , 'test' , 'test' ) on connection regress1
[NO_PID]: sqlca: code: 0, state: 00000
[NO_PID]: ECPGexecute line 95 Ok: INSERT 0 1
[NO_PID]: sqlca: code: 0, state: 00000
[NO_PID]: ECPGtrans line 100 action = commit connection = regress1
[NO_PID]: sqlca: code: 0, state: 00000
[NO_PID]: ECPGexecute line 102: QUERY: drop table history  on connection regress1
[NO_PID]: sqlca: code: 0, state: 00000
[NO_PID]: ECPGexecute line 102 Ok: DROP TABLE
[NO_PID]: sqlca: code: 0, state: 00000
[NO_PID]: ECPGtrans line 105 action = commit connection = regress1
[NO_PID]: sqlca: code: 0, state: 00000
[NO_PID]: ecpg_finish: Connection regress1 closed.
[NO_PID]: sqlca: code: 0, state: 00000
