[NO_PID]: ECPGdebug: set to 1
[NO_PID]: sqlca: code: 0, state: 00000
[NO_PID]: ECPGconnect: opening database connectdb on <DEFAULT> port <DEFAULT> 
[NO_PID]: sqlca: code: 0, state: 00000
[NO_PID]: ECPGconnect: opening database regress1 on <DEFAULT> port <DEFAULT> 
[NO_PID]: sqlca: code: 0, state: 00000
[NO_PID]: ECPGexecute line 27: QUERY: select  current_database ()      on connection second
[NO_PID]: sqlca: code: 0, state: 00000
[NO_PID]: ECPGexecute line 27: Correctly got 1 tuples with 1 fields
[NO_PID]: sqlca: code: 0, state: 00000
[NO_PID]: ECPGget_data line 27: RESULT: regress1 offset: -1 array: Yes
[NO_PID]: sqlca: code: 0, state: 00000
[NO_PID]: ecpg_finish: Connection second closed.
[NO_PID]: sqlca: code: 0, state: 00000
[NO_PID]: ECPGexecute line 31: QUERY: select  current_database ()      on connection first
[NO_PID]: sqlca: code: 0, state: 00000
[NO_PID]: ECPGexecute line 31: Correctly got 1 tuples with 1 fields
[NO_PID]: sqlca: code: 0, state: 00000
[NO_PID]: ECPGget_data line 31: RESULT: connectdb offset: -1 array: Yes
[NO_PID]: sqlca: code: 0, state: 00000
[NO_PID]: ECPGconnect: opening database regress1 on <DEFAULT> port <DEFAULT> 
[NO_PID]: sqlca: code: 0, state: 00000
[NO_PID]: raising sqlcode -220 in line 35, 'No such connection DEFAULT in line 35.'.
[NO_PID]: sqlca: code: -220, state: 08003
[NO_PID]: connect: connection identifier second is already in use
[NO_PID]: sqlca: code: 0, state: 00000
[NO_PID]: ecpg_finish: Connection second closed.
[NO_PID]: sqlca: code: 0, state: 00000
[NO_PID]: ecpg_finish: Connection first closed.
[NO_PID]: sqlca: code: 0, state: 00000
[NO_PID]: raising sqlcode -220 in line 40, 'No such connection CURRENT in line 40.'.
[NO_PID]: sqlca: code: -220, state: 08003
[NO_PID]: raising sqlcode -220 in line 41, 'No such connection DEFAULT in line 41.'.
[NO_PID]: sqlca: code: -220, state: 08003
