
THE PORT NUMBER MIGHT HAVE BEEN CHANGED BY THE REGRESSION SCRIPT

