[NO_PID]: ECPGdebug: set to 1
[NO_PID]: sqlca: code: 0, state: 00000
[NO_PID]: ECPGconnect: opening database regress1 on <DEFAULT> port <DEFAULT> 
[NO_PID]: sqlca: code: 0, state: 00000
[NO_PID]: ECPGexecute line 29: QUERY: create  table date_test ( d date   , ts timestamp    )     on connection regress1
[NO_PID]: sqlca: code: 0, state: 00000
[NO_PID]: ECPGexecute line 29 Ok: CREATE TABLE
[NO_PID]: sqlca: code: 0, state: 00000
[NO_PID]: ECPGexecute line 30: QUERY: set datestyle to iso on connection regress1
[NO_PID]: sqlca: code: 0, state: 00000
[NO_PID]: ECPGexecute line 30 Ok: SET
[NO_PID]: sqlca: code: 0, state: 00000
[NO_PID]: ECPGexecute line 35: QUERY: insert into date_test ( d  , ts  ) values(  date '1966-01-17' ,  timestamp '2000-07-12 17:34:29' )  on connection regress1
[NO_PID]: sqlca: code: 0, state: 00000
[NO_PID]: ECPGexecute line 35 Ok: INSERT 0 1
[NO_PID]: sqlca: code: 0, state: 00000
[NO_PID]: ECPGexecute line 37: QUERY: select  *  from date_test where d =  date '1966-01-17'   on connection regress1
[NO_PID]: sqlca: code: 0, state: 00000
[NO_PID]: ECPGexecute line 37: Correctly got 1 tuples with 2 fields
[NO_PID]: sqlca: code: 0, state: 00000
[NO_PID]: ECPGget_data line 37: RESULT: 1966-01-17 offset: -1 array: Yes
[NO_PID]: sqlca: code: 0, state: 00000
[NO_PID]: ECPGget_data line 37: RESULT: 2000-07-12 17:34:29 offset: -1 array: Yes
[NO_PID]: sqlca: code: 0, state: 00000
[NO_PID]: ECPGtrans line 350 action = rollback connection = regress1
[NO_PID]: sqlca: code: 0, state: 00000
[NO_PID]: ecpg_finish: Connection regress1 closed.
[NO_PID]: sqlca: code: 0, state: 00000
