[NO_PID]: ECPGdebug: set to 1
[NO_PID]: sqlca: code: 0, state: 00000
[NO_PID]: ECPGconnect: opening database regress1 on <DEFAULT> port <DEFAULT> 
[NO_PID]: sqlca: code: 0, state: 00000
[NO_PID]: ECPGexecute line 18: QUERY: set search_path to 'public' on connection regress1
[NO_PID]: sqlca: code: 0, state: 00000
[NO_PID]: ECPGexecute line 18 Ok: SET
[NO_PID]: sqlca: code: 0, state: 00000
[NO_PID]: ECPGexecute line 19: QUERY: show search_path on connection regress1
[NO_PID]: sqlca: code: 0, state: 00000
[NO_PID]: ECPGexecute line 19: Correctly got 1 tuples with 1 fields
[NO_PID]: sqlca: code: 0, state: 00000
[NO_PID]: ECPGget_data line 19: RESULT: public offset: -1 array: Yes
[NO_PID]: sqlca: code: 0, state: 00000
[NO_PID]: ECPGexecute line 22: QUERY: set standard_conforming_strings to off on connection regress1
[NO_PID]: sqlca: code: 0, state: 00000
[NO_PID]: ECPGexecute line 22 Ok: SET
[NO_PID]: sqlca: code: 0, state: 00000
[NO_PID]: ECPGexecute line 23: QUERY: show standard_conforming_strings on connection regress1
[NO_PID]: sqlca: code: 0, state: 00000
[NO_PID]: ECPGexecute line 23: Correctly got 1 tuples with 1 fields
[NO_PID]: sqlca: code: 0, state: 00000
[NO_PID]: ECPGget_data line 23: RESULT: off offset: -1 array: Yes
[NO_PID]: sqlca: code: 0, state: 00000
[NO_PID]: ECPGexecute line 26: QUERY: set time zone PST8PDT on connection regress1
[NO_PID]: sqlca: code: 0, state: 00000
[NO_PID]: ECPGexecute line 26 Ok: SET
[NO_PID]: sqlca: code: 0, state: 00000
[NO_PID]: ECPGexecute line 27: QUERY: show time zone on connection regress1
[NO_PID]: sqlca: code: 0, state: 00000
[NO_PID]: ECPGexecute line 27: Correctly got 1 tuples with 1 fields
[NO_PID]: sqlca: code: 0, state: 00000
[NO_PID]: ECPGget_data line 27: RESULT: PST8PDT offset: -1 array: Yes
[NO_PID]: sqlca: code: 0, state: 00000
[NO_PID]: ECPGexecute line 30: QUERY: set transaction isolation level read committed on connection regress1
[NO_PID]: sqlca: code: 0, state: 00000
[NO_PID]: ECPGexecute line 30 Ok: SET
[NO_PID]: sqlca: code: 0, state: 00000
[NO_PID]: ECPGexecute line 31: QUERY: show transaction isolation level on connection regress1
[NO_PID]: sqlca: code: 0, state: 00000
[NO_PID]: ECPGexecute line 31: Correctly got 1 tuples with 1 fields
[NO_PID]: sqlca: code: 0, state: 00000
[NO_PID]: ECPGget_data line 31: RESULT: read committed offset: -1 array: Yes
[NO_PID]: sqlca: code: 0, state: 00000
[NO_PID]: ecpg_finish: Connection regress1 closed.
[NO_PID]: sqlca: code: 0, state: 00000
