[NO_PID]: ECPGdebug: set to 1
[NO_PID]: sqlca: code: 0, state: 00000
[NO_PID]: ECPGconnect: opening database regress1 on <DEFAULT> port <DEFAULT> 
[NO_PID]: sqlca: code: 0, state: 00000
[NO_PID]: ECPGsetcommit line 29 action = on connection = regress1
[NO_PID]: sqlca: code: 0, state: 00000
[NO_PID]: ECPGtrans line 31 action = begin transaction  connection = regress1
[NO_PID]: sqlca: code: 0, state: 00000
[NO_PID]: ECPGexecute line 33: QUERY: create  table test ( f float    , i int   , a int [ 10 ]   , text char  ( 10 )    )     on connection regress1
[NO_PID]: sqlca: code: 0, state: 00000
[NO_PID]: ECPGexecute line 33 Ok: CREATE TABLE
[NO_PID]: sqlca: code: 0, state: 00000
[NO_PID]: ECPGexecute line 35: QUERY: insert into test ( f  , i  , a  , text  ) values ( 404.90 , 3 , '{0,1,2,3,4,5,6,7,8,9}' , 'abcdefghij' )  on connection regress1
[NO_PID]: sqlca: code: 0, state: 00000
[NO_PID]: ECPGexecute line 35 Ok: INSERT 0 1
[NO_PID]: sqlca: code: 0, state: 00000
[NO_PID]: ECPGexecute line 37: QUERY: insert into test ( f  , i  , a  , text  ) values ( 140787.0 , 2 ,  array [9,8,7,6,5,4,3,2,1,0] ,  'klmnopqrst' )  on connection regress1
[NO_PID]: sqlca: code: 0, state: 00000
[NO_PID]: ECPGexecute line 37 Ok: INSERT 0 1
[NO_PID]: sqlca: code: 0, state: 00000
[NO_PID]: ECPGexecute line 39: QUERY: insert into test ( f  , i  , a  , text  ) values ( 14.07 ,  1 ,  array [9,8,7,6,5,4,3,2,1,0] ,  '0123456789' )  on connection regress1
[NO_PID]: sqlca: code: 0, state: 00000
[NO_PID]: ECPGexecute line 39 Ok: INSERT 0 1
[NO_PID]: sqlca: code: 0, state: 00000
[NO_PID]: ECPGtrans line 41 action = commit connection = regress1
[NO_PID]: sqlca: code: 0, state: 00000
[NO_PID]: ECPGtrans line 43 action = begin transaction  connection = regress1
[NO_PID]: sqlca: code: 0, state: 00000
[NO_PID]: ECPGexecute line 45: QUERY: select  f , text  from test where i = 1   on connection regress1
[NO_PID]: sqlca: code: 0, state: 00000
[NO_PID]: ECPGexecute line 45: Correctly got 1 tuples with 2 fields
[NO_PID]: sqlca: code: 0, state: 00000
[NO_PID]: ECPGget_data line 45: RESULT: 14.07 offset: -1 array: Yes
[NO_PID]: sqlca: code: 0, state: 00000
[NO_PID]: ECPGget_data line 45: RESULT: 0123456789 offset: -1 array: Yes
[NO_PID]: sqlca: code: 0, state: 00000
[NO_PID]: ECPGexecute line 53: QUERY: select  a , text  from test where f =  140787   on connection regress1
[NO_PID]: sqlca: code: 0, state: 00000
[NO_PID]: ECPGexecute line 53: Correctly got 1 tuples with 2 fields
[NO_PID]: sqlca: code: 0, state: 00000
[NO_PID]: ECPGis_type_an_array line 53: TYPE database: 1007 C: 5 array: Yes
[NO_PID]: sqlca: code: 0, state: 00000
[NO_PID]: ECPGget_data line 53: RESULT: {9,8,7,6,5,4,3,2,1,0} offset: -1 array: Yes
[NO_PID]: sqlca: code: 0, state: 00000
[NO_PID]: ECPGget_data line 53: RESULT: klmnopqrst offset: -1 array: Yes
[NO_PID]: sqlca: code: 0, state: 00000
[NO_PID]: ECPGexecute line 63: QUERY: select  a  from test where f =  140787   on connection regress1
[NO_PID]: sqlca: code: 0, state: 00000
[NO_PID]: ECPGexecute line 63: Correctly got 1 tuples with 1 fields
[NO_PID]: sqlca: code: 0, state: 00000
[NO_PID]: ECPGget_data line 63: RESULT: {9,8,7,6,5,4,3,2,1,0} offset: -1 array: Yes
[NO_PID]: sqlca: code: 0, state: 00000
[NO_PID]: ECPGexecute line 70: QUERY: drop table test  on connection regress1
[NO_PID]: sqlca: code: 0, state: 00000
[NO_PID]: ECPGexecute line 70 Ok: DROP TABLE
[NO_PID]: sqlca: code: 0, state: 00000
[NO_PID]: ECPGtrans line 72 action = commit connection = regress1
[NO_PID]: sqlca: code: 0, state: 00000
[NO_PID]: ecpg_finish: Connection regress1 closed.
[NO_PID]: sqlca: code: 0, state: 00000
